<!DOCTYPE html>

<html lang="en">
	<head>
		<link href="css/main.css" rel="stylesheet"/>
		<title>Gold</title>
	</head>

	<body>
		<header>
			<div class="container">
				<img src="img/logo.png" alt="Golden"/>
				<now>
					<ul>
						<li><a href="#">Home</a></li>
						<li><a href="#">Services</a></li>
						<li><a href="#">Portfolio</a></li>
						<li><a href="#">About</a></li>
						<li><a href="#">Contact</a></li>
					</ul>
				</now>
			</div>
		</header>

		<section>
		</section>

		<section>
		</section>

		<section>
		</section>

		<section>
		</section>

		<section>
		</section>

		<section>
		</section>

		<footer>
		</footer>
	</body>
</html>
