<!DOCTYPE html>

<html lang="en">
<head>
	<meta charset="UTF-8">
	<meta name="viewport" content="width=device-width, initial-scale=1.0">
	<meta http-equiv="X-UA-Compatible" content="ie=edge">

	<!-- CSS -->
	<link rel="stylesheet" href="css/main.css">
	<link rel="stylesheet" href="css/responcive.css">
	<link rel="stylesheet" href="css/font-awesome.min.css">

	<title>Document</title>
</head>

<body>
	<header>
		<div class="container">
			<div class="clearfix">
				<img class="logo" src="img/logo.png" alt="Golden"/>
				<nav>
					<ul class="menu">
						<li><a href="#">Home</a></li>
						<li><a href="#">Services</a></li>
						<li><a href="#">Portfolio</a></li>
						<li><a href="#">About</a></li>
						<li><a href="#">Contact</a></li>
					</ul>
				</nav>
			</div>
			<div class="titles">
				<h3>Welcome To Our Studio!</h3>
				<h1>It`s nice to meet you</h1>
				<a href="#" class="button">Tell me more</a>
			</div>
		</div>
	</header>

	<section class="#">				<!--1 Services-->
		<div class="container">
			<div class="title">
				<h2>Services</h2>
				<p>Lorem ipsum dolor sit amet, consectetur adipisicing elit. Laboriosam ea tempora minus! Laboriosam aperiam, cumque! Rerum mollitia ullam nemo facilis molestiae. Aliquam ratione sequi ipsum nobis impedit, odio quos repellat.</p>
			</div>

			<div class="clearfix">
				<div class="item_rect">
					<img src="img/icon1.png" alt="E-Commerce">
					<h4>E-Commerce</h4>
					<p>Lorem ipsum dolor sit amet, consectetur adipisicing elit, sed do eiusmod tempor incididunt ut labore et dolore magna aliqua. Ut enim ad minim veniam, quis nostrud exercitation ullamco laboris nisi ut aliquip ex ea commodo consequat. Duis aute irure dolor in reprehenderit in voluptate velit esse cillum dolore eu fugiat nulla pariatur. Excepteur sint occaecat cupidatat non proident, sunt in culpa qui officia deserunt mollit anim id est laborum.</p>
				</div>

				<div class="item_rect">
					<img src="IMG/icon2.png" alt="Responsive Web">
					<h4>Responsive Web</h4>
					<p>Lorem ipsum dolor sit amet, consectetur adipisicing elit, sed do eiusmod tempor incididunt ut labore et dolore magna aliqua. Ut enim ad minim veniam, quis nostrud exercitation ullamco laboris nisi ut aliquip ex ea commodo consequat. Duis aute irure dolor in reprehenderit in voluptate velit esse cillum dolore eu fugiat nulla pariatur. Excepteur sint occaecat cupidatat non proident, sunt in culpa qui officia deserunt mollit anim id est laborum.</p>
				</div>

				<div class="item_rect">
					<img src="IMG/icon3.png" alt="Web Security">
					<h4>Web Security</h4>
					<p>Lorem ipsum dolor sit amet, consectetur adipisicing elit, sed do eiusmod tempor incididunt ut labore et dolore magna aliqua. Ut enim ad minim veniam, quis nostrud exercitation ullamco laboris nisi ut aliquip ex ea commodo consequat. Duis aute irure dolor in reprehenderit in voluptate velit esse cillum dolore eu fugiat nulla pariatur. Excepteur sint occaecat cupidatat non proident, sunt in culpa qui officia deserunt mollit anim id est laborum.</p>
				</div>
			</div>
		</div>
	</section>

	<section class="gray_bg">	<!--2 Our portfolio-->
		<div class="container">
			<div class="title">
				<h2>Our portfolio</h2>
				<p>Lorem ipsum dolor sit amet, consectetur adipisicing elit, sed do eiusmod tempor incididunt ut labore et dolore magna aliqua. Ut enim ad minim veniam, quis nostrud exercitation ullamco laboris nisi ut aliquip ex ea commodo consequat. Duis aute irure dolor in reprehenderit in voluptate velit esse cillum dolore eu fugiat nulla pariatur. Excepteur sint occaecat cupidatat non proident, sunt in culpa qui officia deserunt mollit anim id est laborum.</p>
			</div>

			<div class="clearfix">
				<div class="item_rect">
					<img src="img/img1.jpg" alt="">
					<h4>Ebony & Ivory</h4>
					<p>Branding</p>
				</div>
				<div class="item_rect">
					<img src="img/img2.jpg" alt="">
					<h4>Smart Statigionary</h4>
					<p>Print Design</p>
				</div>
				<div class="item_rect">
					<img src="img/img3.jpg" alt="">
					<h4>clever Poster</h4>
					<p>Print Design</p>
				</div>
			</div>

			<div class="clearfix">
				<div class="item_rect">
					<img src="img/img4.jpg" alt="">
					<h4>Vinyl Record</h4>
					<p>Product Mock-Up</p>
				</div>
				<div class="item_rect">
					<img src="img/img5.jpg" alt="">
					<h4>Treehouse Template</h4>
					<p>Web Design</p>
				</div>
				<div class="item_rect">
					<img src="img/img6.jpg" alt="">
					<h4>clever Poster</h4>
					<p>Branding</p>
				</div>
			</div>
		</div>
	</section>

	<section class="#">				<!--3 About us-->
		<div class="container">
			<div class="title">
				<h2>About us</h2>
				<p></p>
			</div>
			<div class="clearfix">
				<div class="item_radial">
					<div><img src="img/about1.jpg" alt=""></div>
					<h4>JULY 2010<br>Our Humble Beginnings</h4>
					<p>Lorem ipsum dolor sit amet, consectetur adipisicing elit. In ipsa mollitia rem eum, dignissimos accusamus ab harum maxime magni repudiandae. Officia, quis id assumenda, similique commodi vitae odit totam praesentium.</p>
				</div>
				<div class="item_radial lft">
					<div><img src="img/about2.jpg" alt=""></div>
					<h4>JANUARY 2011<br>Facing Startup Buttles</h4>
					<p>Lorem ipsum dolor sit amet, consectetur adipisicing elit. Incidunt dolore architecto, possimus asperiores minus ut voluptatibus nulla non impedit ab voluptatem est quae repellat assumenda quisquam, consequuntur esse soluta omnis!</p>
				</div>
				<div class="item_radial">
					<div><img src="img/about3.jpg" alt=""></div>
					<h4>DECEMBER 2012<br>Enter The Dark Days</h4>
					<p>Lorem ipsum dolor sit amet, consectetur adipisicing elit. Aspernatur sequi et impedit ducimus harum delectus voluptatem alias iusto. Culpa quas id vel corporis nihil repellat, numquam pariatur dolor dolore. Repudiandae.</p>
				</div>
				<div class="item_radial lft">
					<div><img src="img/about4.jpg" alt=""></div>
					<h4>FEBRUARY 2104<br>Our Triumph</h4>
					<p>Lorem ipsum dolor sit amet, consectetur adipisicing elit. Ipsam ducimus dicta ea ipsa consequuntur deserunt fugiat laudantium sit quia quisquam non quo, placeat expedita doloribus eaque qui quas. Necessitatibus, perferendis?</p>
				</div>
			</div>
			<a href="#" class="button radial_btn">OUR<br>STORY<br>CONTINUES<br>...</a>
		</div>
	</section>

	<section class="gray_bg">	<!--4 Our amazing team-->
		<div class="container">
			<div class="title">
				<h2>Our amazing team</h2>
				<p></p>
				<div class="clearfix">
					<div class="item_radial_line">
						<img src="img/pic4.jpg" alt="E-Commerce">
						<h4>E-Commerce</h4>
						<p>Lorem ipsum dolor sit amet, consectetur adipisicing elit, sed do eiusmod tempor incididunt ut labore et dolore magna aliqua. Ut enim ad minim veniam, quis nostrud exercitation ullamco laboris nisi ut aliquip ex ea commodo consequat. Duis aute irure dolor in reprehenderit in voluptate velit esse cillum dolore eu fugiat nulla pariatur. Excepteur sint occaecat cupidatat non proident, sunt in culpa qui officia deserunt mollit anim id est laborum.</p>
					</div>

					<div class="item_radial_line">
						<img src="IMG/pic2.jpg" alt="Responsive Web">
						<h4>Responsive Web</h4>
						<p>Lorem ipsum dolor sit amet, consectetur adipisicing elit, sed do eiusmod tempor incididunt ut labore et dolore magna aliqua. Ut enim ad minim veniam, quis nostrud exercitation ullamco laboris nisi ut aliquip ex ea commodo consequat. Duis aute irure dolor in reprehenderit in voluptate velit esse cillum dolore eu fugiat nulla pariatur. Excepteur sint occaecat cupidatat non proident, sunt in culpa qui officia deserunt mollit anim id est laborum.</p>
					</div>

					<div class="item_radial_line">
						<img src="IMG/pic.jpg" alt="Web Security">
						<h4>Web Security</h4>
						<p>Lorem ipsum dolor sit amet, consectetur adipisicing elit, sed do eiusmod tempor incididunt ut labore et dolore magna aliqua. Ut enim ad minim veniam, quis nostrud exercitation ullamco laboris nisi ut aliquip ex ea commodo consequat. Duis aute irure dolor in reprehenderit in voluptate velit esse cillum dolore eu fugiat nulla pariatur. Excepteur sint occaecat cupidatat non proident, sunt in culpa qui officia deserunt mollit anim id est laborum.</p>
					</div>

			</div>
		</div>
	</section>

	<section class="#">				<!--5 envato-->
		<div class="container">
		</div>
	</section>

	<section class="#">				<!--6 Contact us-->
		<div class="container">
			<div class="title">
				<h2>Contact us</h2>
				<p></p>
			</div>
		</div>
	</section>

	<footer></footer>
</body>
</html>
